{
    
  "compilationOptions":  {
        
    "emitEntryPoint":  true
  
    },
    
  "dependencies":  {},
    
  "commands":  {
        
    "web":  "Microsoft.AspNet.Server.Kestrel",
        
    "ef":  "EntityFramework.Commands"
  
    },
    
  "frameworks":  {
        
    "net452":  {
            
      "dependencies":  {},
            
      "frameworkAssemblies":  {
                
        "System.Web":  "4.0.0.0"
      
            }
    
        }
  
    }

}