{
    
  "compilationOptions":  {
        
    "emitEntryPoint":  true
  
    },
    
  "dependencies":  {
        
    "Microsoft.NETCore.App":  {
            
      "version":  "1.0.0-rc2-3002702",
            
      "type":  "platform"
    
        }
  
    },
    
  "commands":  {
        
    "web":  "Microsoft.AspNet.Server.Kestrel",
        
    "ef":  "EntityFramework.Commands"
  
    },
    
  "frameworks":  {
        
    "dnx451":  {
            
      "dependencies":  {},
            
      "frameworkAssemblies":  {
                
        "System.Web":  "4.0.0.0"
      
            }
    
        }
  
    }

}