{
    
  "compilationOptions":  {
        
    "emitEntryPoint":  true
  
    },
    
  "dependencies":  {},
    
  "commands":  {
        
    "web":  "Microsoft.AspNet.Server.Kestrel",
        
    "ef":  "EntityFramework.Commands"
  
    },
    
  "frameworks":  {
        
    "netcoreapp1.0":  {
            
      "imports":  [
                
        "dotnet5.6",
                
        "dnxcore50",
                
        "portable-net45+win8"
      
            ]
    
        }
  
    }

}