{
    
  "compilationOptions":  {
        
    "emitEntryPoint":  true
  
    },
    
  "dependencies":  {},
    
  "commands":  {
        
    "web":  "Microsoft.AspNet.Server.Kestrel",
        
    "ef":  "EntityFramework.Commands"
  
    },
    
  "frameworks":  {
        
    "net452":  {}
  
    }

}