{
    
  "userSecretsId":  "aspnet5-WebApplication.Mvc-251553fe-641c-48a9-bcaf-e32f62d7861d",
    
  "version":  "1.0.0-*",
    
  "webroot":  "wwwroot",
    
  "compilationOptions":  {
        
    "emitEntryPoint":  true
  
    },
    
  "dependencies":  {
        
    "Microsoft.EntityFrameworkCore.Tools":  {
            
      "version":  "1.0.0-preview1-final",
            
      "type":  "build"
    
        },
        
    "Microsoft.EntityFrameworkCore.SqlServer":  "1.0.0-rc2-final",
        
    "Microsoft.ApplicationInsights.AspNetCore":  "1.0.0-rc2-final",
        
    "Microsoft.AspNet.Authentication.Cookies":  "1.0.0-rc1-final",
        
    "Microsoft.AspNetCore.Diagnostics.EntityFrameworkCore":  "1.0.0-rc2-final",
        
    "Microsoft.AspNetCore.Identity.EntityFrameworkCore":  "1.0.0-rc2-final",
        
    "Microsoft.AspNetCore.Server.IISIntegration":  "1.0.0-rc2-final",
        
    "Microsoft.AspNet.Mvc":  "6.0.0-rc1-final",
        
    "Microsoft.AspNet.Mvc.TagHelpers":  "6.0.0-rc1-final",
        
    "Microsoft.AspNet.Server.Kestrel":  "1.0.0-rc1-final",
        
    "Microsoft.AspNet.StaticFiles":  "1.0.0-rc1-final",
        
    "Microsoft.AspNetCore.Razor.Tools":  {
            
      "version":  "1.0.0-preview1-final",
            
      "type":  "build"
    
        },
        
    "Microsoft.VisualStudio.Web.CodeGenerators.Mvc":  {
            
      "version":  "1.0.0-preview1-final",
            
      "type":  "build"
    
        },
        
    "Microsoft.Extensions.Configuration.FileExtensions":  "1.0.0-rc2-final",
        
    "Microsoft.Extensions.Configuration.Json":  "1.0.0-rc1-final",
        
    "Microsoft.Extensions.Configuration.UserSecrets":  "1.0.0-rc1-final",
        
    "Microsoft.Extensions.Logging":  "1.0.0-rc1-final",
        
    "Microsoft.Extensions.Logging.Console":  "1.0.0-rc1-final",
        
    "Microsoft.Extensions.Logging.Debug":  "1.0.0-rc1-final",
        
    "Microsoft.VisualStudio.Web.BrowserLink.Loader":  "14.0.0-rc1-final",
        
    "Microsoft.EntityFrameworkCore.SqlServer.Design":  "1.0.0-rc2-final",
        
    "Autofac":  "4.0.0-rc1-177",
        
    "Autofac.Extensions.DependencyInjection":  "4.0.0-rc1-177"
  
    },
    
  "commands":  {
        
    "web":  "Microsoft.AspNet.Server.Kestrel",
        
    "ef":  "EntityFramework.Commands"
  
    },
    
  "frameworks":  {
        
    "dnx451":  {
            
      "dependencies":  {},
            
      "frameworkAssemblies":  {
                
        "System.Web":  "4.0.0.0"
      
            }
    
        }
  
    },
    
  "exclude":  [
        
    "wwwroot",
        
    "node_modules",
        
    "shadowed",
        
    "artifacts",
        
    "modules"
  
    ],
    
  "publishExclude":  [
        
    "**.user",
        
    "**.vspscc"
  
    ],
    
  "scripts":  {
        
    "postrestore":  [
            
      "npm install",
            
      "bower install --config.interactive=false"
    
        ],
        
    "prepublish":  [
            
      "npm install",
            
      "bower install --config.interactive=false",
            
      "gulp clean",
            
      "gulp build"
    
        ]
  
    }

}