{
    
  "version":  "1.0.0-*",
    
  "webroot":  "wwwroot",
    
  "description":  "Navigation Menu Module",
    
  "authors":  [
        
    "Darrell.Tunnell"
  
    ],
    
  "tags":  [
        
    "gluon-module"
  
    ],
    
  "projectUrl":  "",
    
  "licenseUrl":  "",
    
  "dependencies":  {
        
    "Microsoft.AspNet.Mvc":  "6.0.0-rc1-final",
        
    "Microsoft.AspNet.Mvc.TagHelpers":  "6.0.0-rc1-final",
        
    "Microsoft.Extensions.PlatformAbstractions":  "1.0.0-rc1-final",
        
    "Gluon.Core":  "1.0.0-*",
        
    "Gluon.Module.Amd":  "1.0.0-*",
        
    "Gluon.Module.Bundler":  "1.0.0-*",
        
    "Gluon.Module.Migrator":  "1.0.0-*"
  
    },
    
  "frameworks":  {
        
    "dnx451":  {}
  
    },
    
  "packInclude":  {
        
    "Content/":  "wwwroot/**/*.*"
  
    },
    
  "resource":  "Views/**",
    
  "scripts":  {
        
    "prebuild":  "if not exist '%project:Directory%\\..\\..\\artifacts\\bin\\Modules' mkdir '%project:Directory%\\..\\..\\artifacts\\bin\\Modules",
        
    "postpack":  [
            
      "copy /y '%project:Directory%\\..\\..\\artifacts\\bin\\%project:Name%\\%build:Configuration%\\%project:Name%.%project:Version%.nupkg' '%project:Directory%\\..\\..\\artifacts\\bin\\Modules\\%project:Name%.%project:Version%.nupkg"
    
        ]
  
    },
    
  "commands":  {
        
    "Microsoft.EntityFrameworkCore.Tools":  {
            
      "version":  "1.0.0-preview1-final",
            
      "imports":  [
                
        "portable-net45+win8+dnxcore50",
                
        "portable-net45+win8"
      
            ]
    
        },
        
    "Microsoft.VisualStudio.Web.CodeGeneration.Tools":  {
            
      "version":  "1.0.0-preview1-final",
            
      "imports":  [
                
        "portable-net45+win8+dnxcore50",
                
        "portable-net45+win8"
      
            ]
    
        }
  
    }

}