{
  "version": "1.0.0-*",
  "description": "ConsoleApp1 Console Application",
  "authors": [
    "daroth"
  ],
  "tags": [
    ""
  ],
  "projectUrl": "",
  "licenseUrl": "",
  "repository": {
    "type": "git",
    "url": "https://github.com/dazinator/AspNetRC1toRC2UpgradeTool"
  },
  "compilationOptions": {
    "emitEntryPoint": true
  },
  "dependencies": {},
  "commands": {
    "ConsoleApp1": "ConsoleApp1"
  },
  "frameworks": {
    "dnx451": {
      "compilationOptions": {
        "emitEntryPoint": true
      }
    },
    "dnxcore50": {
      "dependencies": {
        "Microsoft.CSharp": "4.0.1-beta-23516",
        "System.Collections": "4.0.11-beta-23516",
        "System.Console": "4.0.0-beta-23516",
        "System.Linq": "4.0.1-beta-23516",
        "System.Threading": "4.0.11-beta-23516"
      }
    }
  }
}