{
  "version": "1.0.0-*",
  "description": "Gluon.Core Class Library",
  "authors": [
    "Darrell.Tunnell"
  ],
  "tags": [
    ""
  ],
  "projectUrl": "",
  "licenseUrl": "",
  "dependencies": {
    "Microsoft.AspNet.Mvc": "6.0.0-rc1-final",
    "Microsoft.AspNet.Mvc.TagHelpers": "6.0.0-rc1-final",
    "Autofac": "4.0.0-rc1-177",
    "Autofac.Extensions.DependencyInjection": "4.0.0-rc1-177",
    "Microsoft.AspNet.Hosting": "1.0.0-rc1-final",
    "Microsoft.Composition": "1.0.30",
    "Autofac.Mef": "4.0.0",
    "MefContrib": "1.2.2.1",
    "Microsoft.AspNet.FileProviders.Composite": "1.0.0-rc2-15922",
    "Microsoft.AspNet.FileProviders.Embedded": "1.0.0-rc2-15922",
    "EntityFramework.MicrosoftSqlServer": "7.0.0-rc1-final",
    "Microsoft.Extensions.Logging.Console": "1.0.0-rc1-final",
    "Microsoft.AspNet.StaticFiles": "1.0.0-rc1-final"
  },
  "frameworks": {
    "dnx451": {
      "dependencies": {},
      "frameworkAssemblies": {
        "System.ComponentModel.Composition": "4.0.0.0"
      }
    }
  },
  "scripts": {
    "prebuild": "if not exist '%project:Directory%\\..\\..\\artifacts\\bin\\Libraries' mkdir '%project:Directory%\\..\\..\\artifacts\\bin\\Libraries",
    "postpack": [
      "copy /y '%project:Directory%\\..\\..\\artifacts\\bin\\%project:Name%\\%build:Configuration%\\%project:Name%.%project:Version%.symbols.nupkg' '%project:Directory%\\..\\..\\artifacts\\bin\\Libraries\\%project:Name%.%project:Version%.nupkg"
    ]
  }
}