<Project ToolsVersion="14.0" DefaultTargets="Build" xmlns="http://schemas.microsoft.com/developer/msbuild/2003">
  <PropertyGroup>
    <VisualStudioVersion Condition="'$(VisualStudioVersion)' == ''">14.0</VisualStudioVersion>
    <VSToolsPath Condition="'$(VSToolsPath)' == ''">$(MSBuildExtensionsPath32)\Microsoft\VisualStudio\v$(VisualStudioVersion)</VSToolsPath>
  </PropertyGroup>
  <Import Project="$(VSToolsPath)\DotNet\Microsoft.DotNet.Props" Condition="'$(VSToolsPath)' != ''" />
  <PropertyGroup Label="Globals">
    <ProjectGuid>383226b6-9abc-407b-964a-33e0c3ca9534</ProjectGuid>
    <RootNamespace>Reach.GCv3.Mvc.WebApplication</RootNamespace>
    <BaseIntermediateOutputPath Condition="'$(BaseIntermediateOutputPath)'=='' ">..\..\artifacts\obj\$(MSBuildProjectName)</BaseIntermediateOutputPath>
    <OutputPath Condition="'$(OutputPath)'=='' ">..\..\artifacts\bin\$(MSBuildProjectName)\</OutputPath>
  </PropertyGroup>
  <PropertyGroup>
    <SchemaVersion>2.0</SchemaVersion>
    <DevelopmentServerPort>57475</DevelopmentServerPort>
    <ApplicationInsightsResourceId>/subscriptions/5d58c857-6e75-40f4-b1c0-457b5bc84e42/resourcegroups/GC3/providers/microsoft.insights/components/GC3 Local</ApplicationInsightsResourceId>
  </PropertyGroup>
  <ItemGroup>
    <DnxInvisibleContent Include="bower.json" />
    <DnxInvisibleContent Include=".bowerrc" />
    <DnxInvisibleContent Include="package.json" />
  </ItemGroup>
  <ItemGroup>
    <Service Include="{82a7f48d-3b50-4b1e-b82e-3ada8210c358}" />
  </ItemGroup>
  <ItemGroup>
    <DnxInvisibleFolder Include="Decompiled\" />
    <DnxInvisibleFolder Include="Modules\" />
    <DnxInvisibleFolder Include="Shadowed\" />
  </ItemGroup>
  <Import Project="$(VSToolsPath)\DotNet.Web\Microsoft.DotNet.Web.targets" Condition="'$(VSToolsPath)' != ''" />
</Project>