<Project ToolsVersion="14.0" DefaultTargets="Build" xmlns="http://schemas.microsoft.com/developer/msbuild/2003">
  <PropertyGroup>
    <VisualStudioVersion Condition="'$(VisualStudioVersion)' == ''">14.0</VisualStudioVersion>
    <VSToolsPath Condition="'$(VSToolsPath)' == ''">$(MSBuildExtensionsPath32)\Microsoft\VisualStudio\v$(VisualStudioVersion)</VSToolsPath>
  </PropertyGroup>
  <Import Project="$(VSToolsPath)\DNX\Microsoft.DNX.Props" Condition="'$(VSToolsPath)' != ''" />
  <PropertyGroup Label="Globals">
    <ProjectGuid>cf17b32b-511b-4492-a4e4-a0222be72999</ProjectGuid>
    <RootNamespace>Gluon.Core</RootNamespace>
    <BaseIntermediateOutputPath Condition="'$(BaseIntermediateOutputPath)'=='' ">..\..\artifacts\obj\$(MSBuildProjectName)</BaseIntermediateOutputPath>
    <OutputPath Condition="'$(OutputPath)'=='' ">..\..\artifacts\bin\$(MSBuildProjectName)\</OutputPath>
  </PropertyGroup>
  <PropertyGroup>
    <SchemaVersion>2.0</SchemaVersion>
  </PropertyGroup>
  <PropertyGroup Condition="'$(Configuration)|$(Platform)'=='Debug|AnyCPU'">
    <ProduceOutputsOnBuild>True</ProduceOutputsOnBuild>
  </PropertyGroup>
  <Import Project="$(VSToolsPath)\DNX\Microsoft.DNX.targets" Condition="'$(VSToolsPath)' != ''" />
</Project>