{
    
  "version":  "1.0.0-*",
    
  "description":  "ConsoleApp1 Console Application",
    
  "authors":  [
        
    "daroth"
  
    ],
    
  "buildOptions":  {
        
    "emitEntryPoint":  true,
        
    "preserveCompilationContext":  true
  
    },
    
  "dependencies":  {},
    
  "tools":  {
        
    "ConsoleApp1":  "ConsoleApp1"
  
    },
    
  "frameworks":  {
        
    "net452":  {
            
      "buildOptions":  {
                
        "emitEntryPoint":  true
      
            }
    
        },
        
    "dnxcore50":  {
            
      "dependencies":  {
                
        "Microsoft.CSharp":  "4.0.1-beta-23516",
                
        "System.Collections":  "4.0.11-beta-23516",
                
        "System.Console":  "4.0.0-beta-23516",
                
        "System.Linq":  "4.0.1-beta-23516",
                
        "System.Threading":  "4.0.11-beta-23516"
      
            }
    
        },
        
    "netcoreapp1.0":  {
            
      "imports":  [
                
        "dotnet5.6",
                
        "dnxcore50",
                
        "portable-net45+win8"
      
            ],
            
      "dependencies":  {
                
        "Microsoft.NETCore.App":  {
                    
          "version":  "1.0.0-rc2-3002702",
                    
          "type":  "platform"
        
                }
      
            }
    
        }
  
    },
    
  "packOptions":  {
        
    "repository":  {
            
      "type":  "git",
            
      "url":  "https://github.com/dazinator/AspNetRC1toRC2UpgradeTool"
    
        },
        
    "tags":  [
            
      ""
    
        ],
        
    "licenseUrl":  "",
        
    "projectUrl":  ""
  
    }

}