{
  "version": "1.0.0-*",
  "description": "Gluon.Core Class Library",
  "authors": [
    "Darrell.Tunnell"
  ],
  "dependencies": {
    "Microsoft.AspNetCore.Mvc": "1.0.0",
    "Microsoft.AspNetCore.Mvc.TagHelpers": "1.0.0",
    "Autofac": "4.0.0-rc2-240",
    "Autofac.Extensions.DependencyInjection": "4.0.0-rc2-240",
    "Microsoft.AspNetCore.Hosting": "1.0.0",
    "Microsoft.Composition": "1.0.30",
    "Autofac.Mef": "4.0.0",
    "MefContrib": "1.2.2.1",
    "Microsoft.Extensions.FileProviders.Composite": "1.0.0",
    "Microsoft.Extensions.FileProviders.Embedded": "1.0.0",
    "Microsoft.EntityFrameworkCore.SqlServer": "1.0.0",
    "Microsoft.Extensions.Logging.Console": "1.0.0",
    "Microsoft.AspNetCore.StaticFiles": "1.0.0",
    "Microsoft.VisualStudio.Web.CodeGeneration.Tools": {
      "version": "1.0.0-preview2-final",
      "type": "build"
    },
    "Microsoft.AspNetCore.Diagnostics": "1.0.0",
    "Microsoft.Extensions.Options.ConfigurationExtensions": "1.0.0"
  },
  "frameworks": {
    "net452": {
      "dependencies": {},
      "frameworkAssemblies": {
        "System.ComponentModel.Composition": "4.0.0.0"
      }
    },
    "netstandard1.5": {
      "imports": [
        "dnxcore50",
        "portable-net45+win8"
      ],
      "dependencies": {
        "NETStandard.Library": "1.5.0-rc2-24027"
      }
    }
  },
  "scripts": {
    "prebuild": "if not exist '%project:Directory%\\..\\..\\artifacts\\bin\\Libraries' mkdir '%project:Directory%\\..\\..\\artifacts\\bin\\Libraries",
    "postpack": [
      "copy /y '%project:Directory%\\..\\..\\artifacts\\bin\\%project:Name%\\%build:Configuration%\\%project:Name%.%project:Version%.symbols.nupkg' '%project:Directory%\\..\\..\\artifacts\\bin\\Libraries\\%project:Name%.%project:Version%.nupkg"
    ]
  },
  "buildOptions": {
    "preserveCompilationContext": true,
    "copyToOutput": {
      "include": [
        "appSettings.json",
        "Views/**"
      ]
    }
  },
  "packOptions": {
    "tags": [
      ""
    ],
    "licenseUrl": "",
    "projectUrl": ""
  },
  "publishOptions": {
    "include": [
      "wwwroot",
      "web.config",
      "appSettings.json"
    ]
  },
  "tools": {
    "Microsoft.VisualStudio.Web.CodeGeneration.Tools": {
      "version": "1.0.0-preview2-final",
      "imports": [
        "portable-net45+win8+dnxcore50",
        "portable-net45+win8"
      ]
    }
  }
}