{
    
  "version":  "1.0.0-*",
    
  "webroot":  "wwwroot",
    
  "description":  "Navigation Menu Module",
    
  "authors":  [
        
    "Darrell.Tunnell"
  
    ],
    
  "dependencies":  {
        
    "Microsoft.AspNetCore.Mvc":  "1.0.0-rc2-final",
        
    "Microsoft.AspNetCore.Mvc.TagHelpers":  "1.0.0-rc2-final",
        
    "Gluon.Core":  "1.0.0-*",
        
    "Gluon.Module.Amd":  "1.0.0-*",
        
    "Gluon.Module.Bundler":  "1.0.0-*",
        
    "Gluon.Module.Migrator":  "1.0.0-*",
        
    "Microsoft.VisualStudio.Web.CodeGeneration.Tools":  {
            
      "version":  "1.0.0-preview1-final",
            
      "type":  "build"
    
        }
  
    },
    
  "frameworks":  {
        
    "net451":  {},
        
    "netstandard1.5":  {
            
      "imports":  [
                
        "dnxcore50",
                
        "portable-net45+win8"
      
            ],
            
      "dependencies":  {
                
        "NETStandard.Library":  "1.5.0-rc2-24027"
      
            }
    
        }
  
    },
    
  "packInclude":  {
        
    "Content/":  "wwwroot/**/*.*"
  
    },
    
  "resource":  "Views/**",
    
  "scripts":  {
        
    "prebuild":  "if not exist '%project:Directory%\\..\\..\\artifacts\\bin\\Modules' mkdir '%project:Directory%\\..\\..\\artifacts\\bin\\Modules",
        
    "postpack":  [
            
      "copy /y '%project:Directory%\\..\\..\\artifacts\\bin\\%project:Name%\\%build:Configuration%\\%project:Name%.%project:Version%.nupkg' '%project:Directory%\\..\\..\\artifacts\\bin\\Modules\\%project:Name%.%project:Version%.nupkg"
    
        ]
  
    },
    
  "tools":  {
        
    "Microsoft.EntityFrameworkCore.Tools":  {
            
      "version":  "1.0.0-preview1-final",
            
      "imports":  [
                
        "portable-net45+win8+dnxcore50",
                
        "portable-net45+win8"
      
            ]
    
        },
        
    "Microsoft.VisualStudio.Web.CodeGeneration.Tools":  {
            
      "version":  "1.0.0-preview1-final",
            
      "imports":  [
                
        "portable-net45+win8+dnxcore50",
                
        "portable-net45+win8"
      
            ]
    
        }
  
    },
    
  "buildOptions":  {
        
    "preserveCompilationContext":  true
  
    },
    
  "packOptions":  {
        
    "tags":  [
            
      "gluon-module"
    
        ],
        
    "licenseUrl":  "",
        
    "projectUrl":  ""
  
    },
    
  "publishOptions":  {
        
    "include":  [
            
      "wwwroot",
            
      "appSettings.json"
    
        ]
  
    }

}