{
  "userSecretsId": "aspnet5-WebApplication.Mvc-251553fe-641c-48a9-bcaf-e32f62d7861d",
  "version": "1.0.0-*",
  "webroot": "wwwroot",
  "buildOptions": {
    "emitEntryPoint": true,
    "preserveCompilationContext": true,
    "embed": {
      "exclude": [
        "wwwroot",
        "node_modules",
        "shadowed",
        "artifacts",
        "modules"
      ]
    },
    "compile": {
      "exclude": [
        "wwwroot",
        "node_modules",
        "shadowed",
        "artifacts",
        "modules"
      ]
    },
    "copyToOutput": {
      "include": [
        "appSettings.json",
        "Views/**"
      ]
    }
  },
  "dependencies": {
    "Microsoft.EntityFrameworkCore.Tools": {
      "version": "1.0.0-preview2-final",
      "type": "build"
    },
    "Microsoft.EntityFrameworkCore.SqlServer": "1.0.0",
    "Microsoft.ApplicationInsights.AspNetCore": "1.0.0",
    "Microsoft.AspNetCore.Authentication.Cookies": "1.0.0",
    "Microsoft.AspNetCore.Diagnostics.EntityFrameworkCore": "1.0.0",
    "Microsoft.AspNetCore.Identity.EntityFrameworkCore": "1.0.0",
    "Microsoft.AspNetCore.Server.IISIntegration": "1.0.0",
    "Microsoft.AspNetCore.Mvc": "1.0.0",
    "Microsoft.AspNetCore.Mvc.TagHelpers": "1.0.0",
    "Microsoft.AspNetCore.Server.Kestrel": "1.0.0",
    "Microsoft.AspNetCore.StaticFiles": "1.0.0",
    "Microsoft.AspNetCore.Razor.Tools": {
      "version": "1.0.0-preview2-final",
      "type": "build"
    },
    "Microsoft.VisualStudio.Web.CodeGenerators.Mvc": {
      "version": "1.0.0-preview2-final",
      "type": "build"
    },
    "Microsoft.Extensions.Configuration.FileExtensions": "1.0.0",
    "Microsoft.Extensions.Configuration.Json": "1.0.0",
    "Microsoft.Extensions.Configuration.UserSecrets": "1.0.0",
    "Microsoft.Extensions.Logging": "1.0.0",
    "Microsoft.Extensions.Logging.Console": "1.0.0",
    "Microsoft.Extensions.Logging.Debug": "1.0.0",
    "Microsoft.VisualStudio.Web.BrowserLink.Loader": "14.0.0",
    "Microsoft.EntityFrameworkCore.SqlServer.Design": "1.0.0",
    "Autofac": "4.0.0-rc2-240",
    "Autofac.Extensions.DependencyInjection": "4.0.0-rc2-240",
    "Microsoft.VisualStudio.Web.CodeGeneration.Tools": {
      "version": "1.0.0-preview2-final",
      "type": "build"
    },
    "Microsoft.AspNetCore.Diagnostics": "1.0.0",
    "Microsoft.AspNetCore.Hosting": "1.0.0",
    "Microsoft.Extensions.Options.ConfigurationExtensions": "1.0.0"
  },
  "tools": {
    "Microsoft.AspNetCore.Server.IISIntegration.Tools": {
      "version": "1.0.0-preview2-final",
      "imports": [
        "portable-net45+win8+dnxcore50"
      ]
    },
    "Microsoft.EntityFrameworkCore.Tools": {
      "version": "1.0.0-preview2-final",
      "imports": [
        "portable-net45+win8+dnxcore50",
        "portable-net45+win8"
      ]
    },
    "Microsoft.Extensions.SecretManager.Tools": {
      "version": "1.0.0-preview2-final",
      "imports": [
        "portable-net45+win8+dnxcore50"
      ]
    },
    "Microsoft.AspNetCore.Razor.Tools": {
      "version": "1.0.0-preview2-final",
      "imports": [
        "portable-net45+win8+dnxcore50"
      ]
    },
    "Microsoft.VisualStudio.Web.CodeGeneration.Tools": {
      "version": "1.0.0-preview2-final",
      "imports": [
        "portable-net45+win8+dnxcore50",
        "portable-net45+win8"
      ]
    }
  },
  "frameworks": {
    "net452": {
      "dependencies": {},
      "frameworkAssemblies": {
        "System.Web": "4.0.0.0"
      }
    },
    "netcoreapp1.0": {
      "imports": [
        "dotnet5.6",
        "dnxcore50",
        "portable-net45+win8"
      ],
      "dependencies": {
        "Microsoft.NETCore.App": {
          "version": "1.0.0-rc2-3002702",
          "type": "platform"
        }
      }
    }
  },
  "scripts": {
    "postrestore": [
      "npm install",
      "bower install --config.interactive=false"
    ],
    "prepublish": [
      "npm install",
      "bower install --config.interactive=false",
      "gulp clean",
      "gulp build"
    ]
  },
  "publishOptions": {
    "include": [
      "wwwroot",
      "web.config",
      "appSettings.json"
    ]
  }
}