{
  "version": "1.0.0-*",
  "webroot": "wwwroot",
  "description": "Navigation Menu Module",
  "authors": [
    "Darrell.Tunnell"
  ],
  "dependencies": {
    "Microsoft.AspNetCore.Mvc": "1.0.0",
    "Microsoft.AspNetCore.Mvc.TagHelpers": "1.0.0",
    "Microsoft.Extensions.PlatformAbstractions": "1.0.0",
    "Gluon.Core": "1.0.0-*",
    "Gluon.Module.Amd": "1.0.0-*",
    "Gluon.Module.Bundler": "1.0.0-*",
    "Gluon.Module.Migrator": "1.0.0-*",
    "Microsoft.VisualStudio.Web.CodeGeneration.Tools": {
      "version": "1.0.0-preview2-final",
      "type": "build"
    },
    "Microsoft.AspNetCore.Diagnostics": "1.0.0",
    "Microsoft.Extensions.DependencyModel": "1.0.0",
    "Microsoft.Extensions.Options.ConfigurationExtensions": "1.0.0"
  },
  "frameworks": {
    "net452": {},
    "netstandard1.5": {
      "imports": [
        "dnxcore50",
        "portable-net45+win8"
      ],
      "dependencies": {
        "NETStandard.Library": "1.5.0-rc2-24027"
      }
    }
  },
  "packOptions": {
    "files": {
      "mappings": {
        "Content/": "wwwroot/**/*.*"
      }
    },
    "tags": [
      "gluon-module"
    ],
    "licenseUrl": "",
    "projectUrl": ""
  },
  "scripts": {
    "prebuild": "if not exist '%project:Directory%\\..\\..\\artifacts\\bin\\Modules' mkdir '%project:Directory%\\..\\..\\artifacts\\bin\\Modules",
    "postpack": [
      "copy /y '%project:Directory%\\..\\..\\artifacts\\bin\\%project:Name%\\%build:Configuration%\\%project:Name%.%project:Version%.nupkg' '%project:Directory%\\..\\..\\artifacts\\bin\\Modules\\%project:Name%.%project:Version%.nupkg"
    ]
  },
  "tools": {
    "Microsoft.EntityFrameworkCore.Tools": {
      "version": "1.0.0-preview2-final",
      "imports": [
        "portable-net45+win8+dnxcore50",
        "portable-net45+win8"
      ]
    },
    "Microsoft.VisualStudio.Web.CodeGeneration.Tools": {
      "version": "1.0.0-preview2-final",
      "imports": [
        "portable-net45+win8+dnxcore50",
        "portable-net45+win8"
      ]
    }
  },
  "buildOptions": {
    "preserveCompilationContext": true,
    "embed": {
      "include": "Views/**"
    },
    "copyToOutput": {
      "include": [
        "appSettings.json",
        "Views/**"
      ]
    }
  },
  "publishOptions": {
    "include": [
      "wwwroot",
      "web.config",
      "appSettings.json"
    ]
  }
}