{
    
  "userSecretsId":  "aspnet5-WebApplication.Mvc-251553fe-641c-48a9-bcaf-e32f62d7861d",
    
  "version":  "1.0.0-*",
    
  "webroot":  "wwwroot",
    
  "buildOptions":  {
        
    "emitEntryPoint":  true,
        
    "preserveCompilationContext":  true
  
    },
    
  "dependencies":  {
        
    "Microsoft.EntityFrameworkCore.Tools":  {
            
      "version":  "1.0.0-preview1-final",
            
      "type":  "build"
    
        },
        
    "Microsoft.EntityFrameworkCore.SqlServer":  "1.0.0-rc2-final",
        
    "Microsoft.ApplicationInsights.AspNetCore":  "1.0.0-rc2-final",
        
    "Microsoft.AspNetCore.Authentication.Cookies":  "1.0.0-rc2-final",
        
    "Microsoft.AspNetCore.Diagnostics.EntityFrameworkCore":  "1.0.0-rc2-final",
        
    "Microsoft.AspNetCore.Identity.EntityFrameworkCore":  "1.0.0-rc2-final",
        
    "Microsoft.AspNetCore.Server.IISIntegration":  "1.0.0-rc2-final",
        
    "Microsoft.AspNetCore.Mvc":  "1.0.0-rc2-final",
        
    "Microsoft.AspNetCore.Mvc.TagHelpers":  "1.0.0-rc2-final",
        
    "Microsoft.AspNetCore.Server.Kestrel":  "1.0.0-rc2-final",
        
    "Microsoft.AspNetCore.StaticFiles":  "1.0.0-rc2-final",
        
    "Microsoft.AspNetCore.Razor.Tools":  {
            
      "version":  "1.0.0-preview1-final",
            
      "type":  "build"
    
        },
        
    "Microsoft.VisualStudio.Web.CodeGenerators.Mvc":  {
            
      "version":  "1.0.0-preview1-final",
            
      "type":  "build"
    
        },
        
    "Microsoft.Extensions.Configuration.FileExtensions":  "1.0.0-rc2-final",
        
    "Microsoft.Extensions.Configuration.Json":  "1.0.0-rc2-final",
        
    "Microsoft.Extensions.Configuration.UserSecrets":  "1.0.0-rc2-final",
        
    "Microsoft.Extensions.Logging":  "1.0.0-rc2-final",
        
    "Microsoft.Extensions.Logging.Console":  "1.0.0-rc2-final",
        
    "Microsoft.Extensions.Logging.Debug":  "1.0.0-rc2-final",
        
    "Microsoft.VisualStudio.Web.BrowserLink.Loader":  "14.0.0-rc2-final",
        
    "Microsoft.EntityFrameworkCore.SqlServer.Design":  "1.0.0-rc2-final",
        
    "Autofac":  "4.0.0-rc1-177",
        
    "Autofac.Extensions.DependencyInjection":  "4.0.0-rc1-177",
        
    "Microsoft.NETCore.App":  {
            
      "version":  "1.0.0-rc2-3002702",
            
      "type":  "platform"
    
        },
        
    "Microsoft.VisualStudio.Web.CodeGeneration.Tools":  {
            
      "version":  "1.0.0-preview1-final",
            
      "type":  "build"
    
        }
  
    },
    
  "tools":  {
        
    "Microsoft.AspNetCore.Server.IISIntegration.Tools":  {
            
      "version":  "1.0.0-preview1-final",
            
      "imports":  [
                
        "portable-net45+win8+dnxcore50"
      
            ]
    
        },
        
    "Microsoft.EntityFrameworkCore.Tools":  {
            
      "version":  "1.0.0-preview1-final",
            
      "imports":  [
                
        "portable-net45+win8+dnxcore50",
                
        "portable-net45+win8"
      
            ]
    
        },
        
    "Microsoft.Extensions.SecretManager.Tools":  {
            
      "version":  "1.0.0-preview1-final",
            
      "imports":  [
                
        "portable-net45+win8+dnxcore50"
      
            ]
    
        },
        
    "Microsoft.AspNetCore.Razor.Tools":  {
            
      "version":  "1.0.0-preview1-final",
            
      "imports":  [
                
        "portable-net45+win8+dnxcore50"
      
            ]
    
        },
        
    "Microsoft.VisualStudio.Web.CodeGeneration.Tools":  {
            
      "version":  "1.0.0-preview1-final",
            
      "imports":  [
                
        "portable-net45+win8+dnxcore50",
                
        "portable-net45+win8"
      
            ]
    
        }
  
    },
    
  "frameworks":  {
        
    "net451":  {
            
      "dependencies":  {},
            
      "frameworkAssemblies":  {
                
        "System.Web":  "4.0.0.0"
      
            }
    
        },
        
    "netcoreapp1.0":  {
            
      "imports":  [
                
        "dotnet5.6",
                
        "dnxcore50",
                
        "portable-net45+win8"
      
            ]
    
        }
  
    },
    
  "exclude":  [
        
    "wwwroot",
        
    "node_modules",
        
    "shadowed",
        
    "artifacts",
        
    "modules"
  
    ],
    
  "publishExclude":  [
        
    "**.user",
        
    "**.vspscc"
  
    ],
    
  "scripts":  {
        
    "postrestore":  [
            
      "npm install",
            
      "bower install --config.interactive=false"
    
        ],
        
    "prepublish":  [
            
      "npm install",
            
      "bower install --config.interactive=false",
            
      "gulp clean",
            
      "gulp build"
    
        ]
  
    }

}