{
    
  "userSecretsId":  "aspnet5-WebApplication.Mvc-251553fe-641c-48a9-bcaf-e32f62d7861d",
    
  "version":  "1.0.0-*",
    
  "webroot":  "wwwroot",
    
  "compilationOptions":  {
        
    "emitEntryPoint":  true
  
    },
    
  "dependencies":  {
        
    "EntityFramework.Commands":  "7.0.0-rc1-final",
        
    "EntityFramework.MicrosoftSqlServer":  "7.0.0-rc1-final",
        
    "Microsoft.ApplicationInsights.AspNet":  "1.0.0",
        
    "Microsoft.AspNet.Authentication.Cookies":  "1.0.0",
        
    "Microsoft.AspNet.Diagnostics.Entity":  "1.0.0",
        
    "Microsoft.AspNet.Identity.EntityFramework":  "1.0.0",
        
    "Microsoft.AspNet.IISPlatformHandler":  "1.0.0",
        
    "Microsoft.AspNet.Mvc":  "1.0.0",
        
    "Microsoft.AspNet.Mvc.TagHelpers":  "1.0.0",
        
    "Microsoft.AspNet.Server.Kestrel":  "1.0.0",
        
    "Microsoft.AspNet.StaticFiles":  "1.0.0",
        
    "Microsoft.AspNet.Tooling.Razor":  "1.0.0",
        
    "Microsoft.Extensions.CodeGenerators.Mvc":  "1.0.0",
        
    "Microsoft.Extensions.Configuration.FileProviderExtensions":  "1.0.0",
        
    "Microsoft.Extensions.Configuration.Json":  "1.0.0",
        
    "Microsoft.Extensions.Configuration.UserSecrets":  "1.0.0",
        
    "Microsoft.Extensions.Logging":  "1.0.0",
        
    "Microsoft.Extensions.Logging.Console":  "1.0.0",
        
    "Microsoft.Extensions.Logging.Debug":  "1.0.0",
        
    "Microsoft.VisualStudio.Web.BrowserLink.Loader":  "14.0.0",
        
    "EntityFramework.MicrosoftSqlServer.Design":  "7.0.0-rc1-final",
        
    "Autofac":  "4.0.0-rc1-177",
        
    "Autofac.Extensions.DependencyInjection":  "4.0.0-rc1-177",
        
    "Microsoft.Dnx.Runtime":  "1.0.0"
  
    },
    
  "commands":  {
        
    "web":  "Microsoft.AspNet.Server.Kestrel",
        
    "ef":  "EntityFramework.Commands"
  
    },
    
  "frameworks":  {
        
    "dnx451":  {
            
      "dependencies":  {},
            
      "frameworkAssemblies":  {
                
        "System.Web":  "4.0.0.0"
      
            }
    
        }
  
    },
    
  "exclude":  [
        
    "wwwroot",
        
    "node_modules",
        
    "shadowed",
        
    "artifacts",
        
    "modules"
  
    ],
    
  "publishExclude":  [
        
    "**.user",
        
    "**.vspscc"
  
    ],
    
  "scripts":  {
        
    "postrestore":  [
            
      "npm install",
            
      "bower install --config.interactive=false"
    
        ],
        
    "prepublish":  [
            
      "npm install",
            
      "bower install --config.interactive=false",
            
      "gulp clean",
            
      "gulp build"
    
        ]
  
    }

}